Total free bytes: 80
Total used bytes: 120
Number of free blocks: 2
Number of allocated blocks: 3
Total free bytes: 0
Total used bytes: 120
Number of free blocks: 0
Number of allocated blocks: 1