                               Memory Statistics
                               =================
Free blocks: ME
Free bytes: MH
Allocated blocks: ME
Allocated bytes: MH 
Meta data bytes: ME*ME
