[1, 2, 3, 4, 5, 6, 7, 8, 9, 10]
                               Memory Statistics
                               =================
Free blocks: ME 
Free bytes: MH - ME - 65504
Allocated blocks: ME + 1
Allocated bytes: MH - ME 
Meta data bytes: ME*ME+ME
                               Memory Statistics
                               =================
Free blocks: ME
Free bytes: MH
Allocated blocks: ME
Allocated bytes: MH 
Meta data bytes: ME*ME