Total free bytes: 0
Total used bytes: 40
Number of free blocks: 0
Number of allocated blocks: 2
Total free bytes: 20
Total used bytes: 40
Number of free blocks: 1
Number of allocated blocks: 2